// Jest Snapshot v1, https://goo.gl/fbAQLP

exports[`Search Form Component should render Search Form 1`] = `
<Provider
  store={
    Object {
      "dispatch": [Function],
      "getState": [Function],
      "replaceReducer": [Function],
      "subscribe": [Function],
      Symbol(observable): [Function],
    }
  }
>
  <Repos>
    <ul />
  </Repos>
</Provider>
`;
