// Jest Snapshot v1, https://goo.gl/fbAQLP

exports[`User Info Component should render userInfo 1`] = `
<Provider
  store={
    Object {
      "dispatch": [Function],
      "getState": [Function],
      "replaceReducer": [Function],
      "subscribe": [Function],
      Symbol(observable): [Function],
    }
  }
>
  <UserInfo>
    <p>
      User info will display here
    </p>
  </UserInfo>
</Provider>
`;
